> Task :gradle-plugin:compileKotlin UP-TO-DATE
> Task :gradle-plugin:compileJava NO-SOURCE
> Task :gradle-plugin:pluginDescriptors UP-TO-DATE
> Task :gradle-plugin:processResources UP-TO-DATE
> Task :gradle-plugin:classes UP-TO-DATE
> Task :gradle-plugin:jar UP-TO-DATE
> Task :gradle-plugin:inspectClassesForKotlinIC UP-TO-DATE
> Task :app:buildKotlinToolingMetadata
> Task :app:generateCodegenSchemaFromJavaScript SKIPPED
> Task :app:generateCodegenArtifactsFromSchema SKIPPED
> Task :app:generatePackageList
> Task :app:preBuild
> Task :app:preReleaseBuild
> Task :app:generateReleaseBuildConfig
> Task :react-native-async-storage_async-storage:preBuild UP-TO-DATE
> Task :react-native-async-storage_async-storage:preReleaseBuild UP-TO-DATE
> Task :react-native-fast-image:preBuild UP-TO-DATE
> Task :react-native-async-storage_async-storage:writeReleaseAarMetadata
> Task :react-native-fast-image:preReleaseBuild UP-TO-DATE
> Task :react-native-gesture-handler:preBuild UP-TO-DATE
> Task :react-native-fast-image:writeReleaseAarMetadata
> Task :react-native-gesture-handler:preReleaseBuild UP-TO-DATE
> Task :react-native-image-picker:preBuild UP-TO-DATE
> Task :react-native-image-picker:preReleaseBuild UP-TO-DATE
> Task :react-native-gesture-handler:writeReleaseAarMetadata
> Task :react-native-safe-area-context:preBuild UP-TO-DATE
> Task :react-native-image-picker:writeReleaseAarMetadata
> Task :react-native-safe-area-context:preReleaseBuild UP-TO-DATE
> Task :react-native-screens:preBuild UP-TO-DATE
> Task :react-native-screens:preReleaseBuild UP-TO-DATE
> Task :react-native-safe-area-context:writeReleaseAarMetadata
> Task :react-native-screens:writeReleaseAarMetadata

> Task :app:createBundleReleaseJsAndAssets
debug Reading Metro config from /Users/mac/Documents/GitHub/fruitq8/FruitQ8Mobile/metro.config.js
warning: the transform cache was reset.
                Welcome to Metro v0.80.12
              Fast - Scalable - Integrated


info Writing bundle output to: /Users/mac/Documents/GitHub/fruitq8/FruitQ8Mobile/android/app/build/generated/assets/createBundleReleaseJsAndAssets/index.android.bundle
info Writing sourcemap output to: /Users/mac/Documents/GitHub/fruitq8/FruitQ8Mobile/android/app/build/intermediates/sourcemaps/react/release/index.android.bundle.packager.map
info Done writing bundle output
info Done writing sourcemap output
info Copying 7 asset files
info Done copying assets
/Users/mac/Documents/GitHub/fruitq8/FruitQ8Mobile/android/app/build/generated/assets/createBundleReleaseJsAndAssets/index.android.bundle:2550:18: warning: the variable "DebuggerInternal" was not declared in function "__shouldPauseOnThrow"
          typeof DebuggerInternal !== 'undefined' &&
                 ^~~~~~~~~~~~~~~~
/Users/mac/Documents/GitHub/fruitq8/FruitQ8Mobile/android/app/build/generated/assets/createBundleReleaseJsAndAssets/index.android.bundle:6204:7: warning: the variable "setTimeout" was not declared in function "logCapturedError"
      setTimeout(function () {
      ^~~~~~~~~~
/Users/mac/Documents/GitHub/fruitq8/FruitQ8Mobile/android/app/build/generated/assets/createBundleReleaseJsAndAssets/index.android.bundle:4173:108: warning: the variable "nativeFabricUIManager" was not declared in function "onChange"
...lInstanceHandle ? (from && nativeFabricUIManager.setIsJSResponder(from.sta...
                              ^~~~~~~~~~~~~~~~~~~~~
/Users/mac/Documents/GitHub/fruitq8/FruitQ8Mobile/android/app/build/generated/assets/createBundleReleaseJsAndAssets/index.android.bundle:4785:21: warning: the variable "clearTimeout" was not declared in anonymous function " 115#"
    cancelTimeout = clearTimeout;
                    ^~~~~~~~~~~~
/Users/mac/Documents/GitHub/fruitq8/FruitQ8Mobile/android/app/build/generated/assets/createBundleReleaseJsAndAssets/index.android.bundle:8535:30: warning: the variable "__REACT_DEVTOOLS_GLOBAL_HOOK__" was not declared in anonymous function " 115#"
  if ("undefined" !== typeof __REACT_DEVTOOLS_GLOBAL_HOOK__) {
                             ^~~~~~~~~~~~~~~~~~~~~~~~~~~~~~
/Users/mac/Documents/GitHub/fruitq8/FruitQ8Mobile/android/app/build/generated/assets/createBundleReleaseJsAndAssets/index.android.bundle:10900:5: warning: the variable "setImmediate" was not declared in function "handleResolved"
    setImmediate(function () {
    ^~~~~~~~~~~~
/Users/mac/Documents/GitHub/fruitq8/FruitQ8Mobile/android/app/build/generated/assets/createBundleReleaseJsAndAssets/index.android.bundle:15175:12: warning: the variable "fetch" was not declared in anonymous function " 355#"
    fetch: fetch,
           ^~~~~
/Users/mac/Documents/GitHub/fruitq8/FruitQ8Mobile/android/app/build/generated/assets/createBundleReleaseJsAndAssets/index.android.bundle:15176:14: warning: the variable "Headers" was not declared in anonymous function " 355#"
    Headers: Headers,
             ^~~~~~~
/Users/mac/Documents/GitHub/fruitq8/FruitQ8Mobile/android/app/build/generated/assets/createBundleReleaseJsAndAssets/index.android.bundle:15177:14: warning: the variable "Request" was not declared in anonymous function " 355#"
    Request: Request,
             ^~~~~~~
/Users/mac/Documents/GitHub/fruitq8/FruitQ8Mobile/android/app/build/generated/assets/createBundleReleaseJsAndAssets/index.android.bundle:15178:15: warning: the variable "Response" was not declared in anonymous function " 355#"
    Response: Response
              ^~~~~~~~
/Users/mac/Documents/GitHub/fruitq8/FruitQ8Mobile/android/app/build/generated/assets/createBundleReleaseJsAndAssets/index.android.bundle:15335:24: warning: the variable "FileReader" was not declared in function "readBlobAsArrayBuffer"
      var reader = new FileReader();
                       ^~~~~~~~~~
/Users/mac/Documents/GitHub/fruitq8/FruitQ8Mobile/android/app/build/generated/assets/createBundleReleaseJsAndAssets/index.android.bundle:15386:36: warning: the variable "Blob" was not declared in anonymous function " 366#"
        } else if (support.blob && Blob.prototype.isPrototypeOf(body)) {
                                   ^~~~
/Users/mac/Documents/GitHub/fruitq8/FruitQ8Mobile/android/app/build/generated/assets/createBundleReleaseJsAndAssets/index.android.bundle:15388:40: warning: the variable "FormData" was not declared in anonymous function " 366#"
        } else if (support.formData && FormData.prototype.isPrototypeOf(body)) {
                                       ^~~~~~~~
/Users/mac/Documents/GitHub/fruitq8/FruitQ8Mobile/android/app/build/generated/assets/createBundleReleaseJsAndAssets/index.android.bundle:15390:44: warning: the variable "URLSearchParams" was not declared in anonymous function " 366#"
...e if (support.searchParams && URLSearchParams.prototype.isPrototypeOf(body...
                                 ^~~~~~~~~~~~~~~
/Users/mac/Documents/GitHub/fruitq8/FruitQ8Mobile/android/app/build/generated/assets/createBundleReleaseJsAndAssets/index.android.bundle:15509:26: warning: the variable "AbortController" was not declared in anonymous function " 372#"
          var ctrl = new AbortController();
                         ^~~~~~~~~~~~~~~
/Users/mac/Documents/GitHub/fruitq8/FruitQ8Mobile/android/app/build/generated/assets/createBundleReleaseJsAndAssets/index.android.bundle:15643:23: warning: the variable "XMLHttpRequest" was not declared in anonymous function " 376#"
        var xhr = new XMLHttpRequest();
                      ^~~~~~~~~~~~~~
/Users/mac/Documents/GitHub/fruitq8/FruitQ8Mobile/android/app/build/generated/assets/createBundleReleaseJsAndAssets/index.android.bundle:15188:71: warning: the variable "self" was not declared in anonymous function " 358#"
...undefined' && globalThis || typeof self !== 'undefined' && self ||
                                      ^~~~
/Users/mac/Documents/GitHub/fruitq8/FruitQ8Mobile/android/app/build/generated/assets/createBundleReleaseJsAndAssets/index.android.bundle:25738:27: warning: the variable "performance" was not declared in anonymous function " 680#"
  if ("object" === typeof performance && "function" === typeof performance.no...
                          ^~~~~~~~~~~
/Users/mac/Documents/GitHub/fruitq8/FruitQ8Mobile/android/app/build/generated/assets/createBundleReleaseJsAndAssets/index.android.bundle:25761:26: warning: the variable "navigator" was not declared in anonymous function " 680#"
  "undefined" !== typeof navigator && undefined !== navigator.scheduling && u...
                         ^~~~~~~~~
/Users/mac/Documents/GitHub/fruitq8/FruitQ8Mobile/android/app/build/generated/assets/createBundleReleaseJsAndAssets/index.android.bundle:25871:37: warning: the variable "MessageChannel" was not declared in anonymous function " 680#"
  };else if ("undefined" !== typeof MessageChannel) {
                                    ^~~~~~~~~~~~~~
/Users/mac/Documents/GitHub/fruitq8/FruitQ8Mobile/android/app/build/generated/assets/createBundleReleaseJsAndAssets/index.android.bundle:25886:34: warning: the variable "nativeRuntimeScheduler" was not declared in anonymous function " 680#"
... = "undefined" !== typeof nativeRuntimeScheduler ? nativeRuntimeScheduler....
                             ^~~~~~~~~~~~~~~~~~~~~~
/Users/mac/Documents/GitHub/fruitq8/FruitQ8Mobile/android/app/build/generated/assets/createBundleReleaseJsAndAssets/index.android.bundle:35167:34: warning: the variable "requestAnimationFrame" was not declared in function "start 9#"
...    this._animationFrame = requestAnimationFrame(this.onUpdate.bind(this));
                              ^~~~~~~~~~~~~~~~~~~~~
/Users/mac/Documents/GitHub/fruitq8/FruitQ8Mobile/android/app/build/generated/assets/createBundleReleaseJsAndAssets/index.android.bundle:63198:29: warning: the variable "Intl" was not declared in function "formatLanguageCode"
            formattedCode = Intl.getCanonicalLocales(code)[0];
                            ^~~~
/Users/mac/Documents/GitHub/fruitq8/FruitQ8Mobile/android/app/build/generated/assets/createBundleReleaseJsAndAssets/index.android.bundle:69294:18: warning: the variable "FinalizationRegistry" was not declared in function "initializeServerApp"
      if (typeof FinalizationRegistry === 'undefined') {
                 ^~~~~~~~~~~~~~~~~~~~
/Users/mac/Documents/GitHub/fruitq8/FruitQ8Mobile/android/app/build/generated/assets/createBundleReleaseJsAndAssets/index.android.bundle:73151:29: warning: the variable "IDBDatabase" was not declared in function "getMethod"
    if (!(target instanceof IDBDatabase && !(prop in target) && typeof prop =...
                            ^~~~~~~~~~~
/Users/mac/Documents/GitHub/fruitq8/FruitQ8Mobile/android/app/build/generated/assets/createBundleReleaseJsAndAssets/index.android.bundle:73160:37: warning: the variable "IDBIndex" was not declared in function "getMethod"
    !(targetFuncName in (useIndex ? IDBIndex : IDBObjectStore).prototype) || ...
                                    ^~~~~~~~
/Users/mac/Documents/GitHub/fruitq8/FruitQ8Mobile/android/app/build/generated/assets/createBundleReleaseJsAndAssets/index.android.bundle:73160:48: warning: the variable "IDBObjectStore" was not declared in function "getMethod"
...ame in (useIndex ? IDBIndex : IDBObjectStore).prototype) || !(isWrite || r...
                                 ^~~~~~~~~~~~~~
/Users/mac/Documents/GitHub/fruitq8/FruitQ8Mobile/android/app/build/generated/assets/createBundleReleaseJsAndAssets/index.android.bundle:73214:94: warning: the variable "IDBCursor" was not declared in function "getIdbProxyableTypes"
...abase, IDBObjectStore, IDBIndex, IDBCursor, IDBTransaction]);
                                    ^~~~~~~~~
/Users/mac/Documents/GitHub/fruitq8/FruitQ8Mobile/android/app/build/generated/assets/createBundleReleaseJsAndAssets/index.android.bundle:73214:105: warning: the variable "IDBTransaction" was not declared in function "getIdbProxyableTypes"
...ctStore, IDBIndex, IDBCursor, IDBTransaction]);
                                 ^~~~~~~~~~~~~~
/Users/mac/Documents/GitHub/fruitq8/FruitQ8Mobile/android/app/build/generated/assets/createBundleReleaseJsAndAssets/index.android.bundle:73269:32: warning: the variable "DOMException" was not declared in function "error 5#"
        reject(tx.error || new DOMException('AbortError', 'AbortError'));
                               ^~~~~~~~~~~~
/Users/mac/Documents/GitHub/fruitq8/FruitQ8Mobile/android/app/build/generated/assets/createBundleReleaseJsAndAssets/index.android.bundle:73361:26: warning: the variable "IDBRequest" was not declared in function "wrap 1#"
    if (value instanceof IDBRequest) return promisifyRequest(value);
                         ^~~~~~~~~~

> Task :app:generateReleaseResValues
> Task :react-native-async-storage_async-storage:generateReleaseResValues
> Task :react-native-async-storage_async-storage:generateReleaseResources
> Task :app:checkReleaseAarMetadata
> Task :react-native-async-storage_async-storage:packageReleaseResources
> Task :react-native-fast-image:generateReleaseResValues
> Task :react-native-fast-image:generateReleaseResources
> Task :react-native-fast-image:packageReleaseResources
> Task :react-native-gesture-handler:generateReleaseResValues
> Task :react-native-gesture-handler:generateReleaseResources
> Task :react-native-gesture-handler:packageReleaseResources
> Task :react-native-image-picker:generateReleaseResValues
> Task :react-native-image-picker:generateReleaseResources
> Task :react-native-image-picker:packageReleaseResources
> Task :react-native-safe-area-context:generateReleaseResValues
> Task :react-native-safe-area-context:generateReleaseResources
> Task :react-native-safe-area-context:packageReleaseResources
> Task :react-native-screens:generateReleaseResValues
> Task :react-native-screens:generateReleaseResources
> Task :react-native-screens:packageReleaseResources
> Task :app:mapReleaseSourceSetPaths
> Task :app:generateReleaseResources
> Task :app:packageReleaseResources
> Task :app:createReleaseCompatibleScreenManifests
> Task :app:extractDeepLinksRelease
> Task :react-native-async-storage_async-storage:extractDeepLinksRelease
> Task :react-native-fast-image:extractDeepLinksRelease
> Task :react-native-gesture-handler:extractDeepLinksRelease
> Task :react-native-image-picker:extractDeepLinksRelease
> Task :react-native-safe-area-context:extractDeepLinksRelease
> Task :react-native-screens:extractDeepLinksRelease
> Task :react-native-async-storage_async-storage:parseReleaseLocalResources
> Task :react-native-fast-image:parseReleaseLocalResources
> Task :app:parseReleaseLocalResources

> Task :react-native-async-storage_async-storage:processReleaseManifest
package="com.reactnativecommunity.asyncstorage" found in source AndroidManifest.xml: /Users/mac/Documents/GitHub/fruitq8/FruitQ8Mobile/node_modules/@react-native-async-storage/async-storage/android/src/main/AndroidManifest.xml.
Setting the namespace via the package attribute in the source AndroidManifest.xml is no longer supported, and the value is ignored.
Recommendation: remove package="com.reactnativecommunity.asyncstorage" from the source AndroidManifest.xml: /Users/mac/Documents/GitHub/fruitq8/FruitQ8Mobile/node_modules/@react-native-async-storage/async-storage/android/src/main/AndroidManifest.xml.

> Task :react-native-fast-image:processReleaseManifest
package="com.dylanvann.fastimage" found in source AndroidManifest.xml: /Users/mac/Documents/GitHub/fruitq8/FruitQ8Mobile/node_modules/react-native-fast-image/android/src/main/AndroidManifest.xml.
Setting the namespace via the package attribute in the source AndroidManifest.xml is no longer supported, and the value is ignored.
Recommendation: remove package="com.dylanvann.fastimage" from the source AndroidManifest.xml: /Users/mac/Documents/GitHub/fruitq8/FruitQ8Mobile/node_modules/react-native-fast-image/android/src/main/AndroidManifest.xml.

> Task :react-native-screens:processReleaseManifest

> Task :react-native-safe-area-context:processReleaseManifest
package="com.th3rdwave.safeareacontext" found in source AndroidManifest.xml: /Users/mac/Documents/GitHub/fruitq8/FruitQ8Mobile/node_modules/react-native-safe-area-context/android/src/main/AndroidManifest.xml.
Setting the namespace via the package attribute in the source AndroidManifest.xml is no longer supported, and the value is ignored.
Recommendation: remove package="com.th3rdwave.safeareacontext" from the source AndroidManifest.xml: /Users/mac/Documents/GitHub/fruitq8/FruitQ8Mobile/node_modules/react-native-safe-area-context/android/src/main/AndroidManifest.xml.

> Task :react-native-gesture-handler:processReleaseManifest

> Task :react-native-image-picker:processReleaseManifest
package="com.imagepicker" found in source AndroidManifest.xml: /Users/mac/Documents/GitHub/fruitq8/FruitQ8Mobile/node_modules/react-native-image-picker/android/src/main/AndroidManifest.xml.
Setting the namespace via the package attribute in the source AndroidManifest.xml is no longer supported, and the value is ignored.
Recommendation: remove package="com.imagepicker" from the source AndroidManifest.xml: /Users/mac/Documents/GitHub/fruitq8/FruitQ8Mobile/node_modules/react-native-image-picker/android/src/main/AndroidManifest.xml.

> Task :react-native-safe-area-context:parseReleaseLocalResources
> Task :react-native-async-storage_async-storage:generateReleaseRFile
> Task :react-native-image-picker:parseReleaseLocalResources
> Task :react-native-gesture-handler:parseReleaseLocalResources
> Task :react-native-fast-image:generateReleaseRFile
> Task :app:processReleaseMainManifest
> Task :app:processReleaseManifest
> Task :react-native-gesture-handler:generateReleaseRFile
> Task :app:processReleaseManifestForPackage
> Task :react-native-image-picker:generateReleaseRFile
> Task :react-native-safe-area-context:generateReleaseRFile
> Task :react-native-async-storage_async-storage:generateReleaseBuildConfig
> Task :react-native-screens:parseReleaseLocalResources
> Task :react-native-async-storage_async-storage:javaPreCompileRelease
> Task :react-native-screens:generateReleaseRFile
> Task :react-native-fast-image:generateReleaseBuildConfig
> Task :app:mergeReleaseResources

> Task :react-native-async-storage_async-storage:compileReleaseJavaWithJavac
Note: Some input files use or override a deprecated API.
Note: Recompile with -Xlint:deprecation for details.
Note: /Users/mac/Documents/GitHub/fruitq8/FruitQ8Mobile/node_modules/@react-native-async-storage/async-storage/android/src/javaPackage/java/com/reactnativecommunity/asyncstorage/AsyncStoragePackage.java uses unchecked or unsafe operations.
Note: Recompile with -Xlint:unchecked for details.

> Task :react-native-fast-image:javaPreCompileRelease
> Task :react-native-gesture-handler:generateReleaseBuildConfig
> Task :react-native-async-storage_async-storage:bundleLibCompileToJarRelease
> Task :app:processReleaseResources

> Task :react-native-fast-image:compileReleaseJavaWithJavac
Note: [2] Wrote GeneratedAppGlideModule with: [com.bumptech.glide.integration.okhttp3.OkHttpLibraryGlideModule, com.dylanvann.fastimage.FastImageOkHttpProgressGlideModule]
Note: Some input files use or override a deprecated API.
Note: Recompile with -Xlint:deprecation for details.

> Task :react-native-fast-image:bundleLibCompileToJarRelease
> Task :react-native-gesture-handler:javaPreCompileRelease
> Task :react-native-image-picker:generateReleaseBuildConfig
> Task :react-native-image-picker:javaPreCompileRelease
> Task :react-native-safe-area-context:generateReleaseBuildConfig

> Task :react-native-image-picker:compileReleaseJavaWithJavac
Note: /Users/mac/Documents/GitHub/fruitq8/FruitQ8Mobile/node_modules/react-native-image-picker/android/src/main/java/com/imagepicker/ImagePickerPackage.java uses or overrides a deprecated API.
Note: Recompile with -Xlint:deprecation for details.

> Task :react-native-image-picker:bundleLibCompileToJarRelease
> Task :react-native-safe-area-context:javaPreCompileRelease
> Task :react-native-screens:generateReleaseBuildConfig
> Task :react-native-screens:javaPreCompileRelease
> Task :app:javaPreCompileRelease
> Task :app:extractProguardFiles
> Task :react-native-async-storage_async-storage:processReleaseJavaRes NO-SOURCE
> Task :react-native-async-storage_async-storage:bundleLibRuntimeToJarRelease
> Task :react-native-async-storage_async-storage:extractProguardFiles
> Task :react-native-async-storage_async-storage:createFullJarRelease

> Task :react-native-safe-area-context:compileReleaseKotlin
w: file:///Users/mac/Documents/GitHub/fruitq8/FruitQ8Mobile/node_modules/react-native-safe-area-context/android/src/main/java/com/th3rdwave/safeareacontext/SafeAreaContextModule.kt:6:46 'ReactModule' is deprecated. Deprecated in Java
w: file:///Users/mac/Documents/GitHub/fruitq8/FruitQ8Mobile/node_modules/react-native-safe-area-context/android/src/main/java/com/th3rdwave/safeareacontext/SafeAreaContextModule.kt:8:2 'ReactModule' is deprecated. Deprecated in Java
w: file:///Users/mac/Documents/GitHub/fruitq8/FruitQ8Mobile/node_modules/react-native-safe-area-context/android/src/main/java/com/th3rdwave/safeareacontext/SafeAreaContextPackage.kt:6:46 'ReactModule' is deprecated. Deprecated in Java
w: file:///Users/mac/Documents/GitHub/fruitq8/FruitQ8Mobile/node_modules/react-native-safe-area-context/android/src/main/java/com/th3rdwave/safeareacontext/SafeAreaContextPackage.kt:25:51 'ReactModule' is deprecated. Deprecated in Java
w: file:///Users/mac/Documents/GitHub/fruitq8/FruitQ8Mobile/node_modules/react-native-safe-area-context/android/src/main/java/com/th3rdwave/safeareacontext/SafeAreaContextPackage.kt:27:11 'constructor ReactModuleInfo(String!, String!, Boolean, Boolean, Boolean, Boolean, Boolean)' is deprecated. Deprecated in Java
w: file:///Users/mac/Documents/GitHub/fruitq8/FruitQ8Mobile/node_modules/react-native-safe-area-context/android/src/main/java/com/th3rdwave/safeareacontext/SafeAreaContextPackage.kt:33:27 'hasConstants: Boolean' is deprecated. Deprecated in Java
w: file:///Users/mac/Documents/GitHub/fruitq8/FruitQ8Mobile/node_modules/react-native-safe-area-context/android/src/main/java/com/th3rdwave/safeareacontext/SafeAreaProviderManager.kt:4:46 'ReactModule' is deprecated. Deprecated in Java
w: file:///Users/mac/Documents/GitHub/fruitq8/FruitQ8Mobile/node_modules/react-native-safe-area-context/android/src/main/java/com/th3rdwave/safeareacontext/SafeAreaProviderManager.kt:11:2 'ReactModule' is deprecated. Deprecated in Java
w: file:///Users/mac/Documents/GitHub/fruitq8/FruitQ8Mobile/node_modules/react-native-safe-area-context/android/src/main/java/com/th3rdwave/safeareacontext/SafeAreaView.kt:59:23 'getter for uiImplementation: UIImplementation!' is deprecated. Deprecated in Java
w: file:///Users/mac/Documents/GitHub/fruitq8/FruitQ8Mobile/node_modules/react-native-safe-area-context/android/src/main/java/com/th3rdwave/safeareacontext/SafeAreaViewManager.kt:4:46 'ReactModule' is deprecated. Deprecated in Java
w: file:///Users/mac/Documents/GitHub/fruitq8/FruitQ8Mobile/node_modules/react-native-safe-area-context/android/src/main/java/com/th3rdwave/safeareacontext/SafeAreaViewManager.kt:14:2 'ReactModule' is deprecated. Deprecated in Java

> Task :react-native-async-storage_async-storage:generateReleaseLintModel

> Task :react-native-safe-area-context:compileReleaseJavaWithJavac
Note: /Users/mac/Documents/GitHub/fruitq8/FruitQ8Mobile/node_modules/react-native-safe-area-context/android/src/paper/java/com/th3rdwave/safeareacontext/NativeSafeAreaContextSpec.java uses or overrides a deprecated API.
Note: Recompile with -Xlint:deprecation for details.

> Task :react-native-safe-area-context:bundleLibCompileToJarRelease
> Task :react-native-async-storage_async-storage:prepareLintJarForPublish
> Task :react-native-fast-image:bundleLibRuntimeToJarRelease
> Task :react-native-fast-image:processReleaseJavaRes
> Task :react-native-fast-image:createFullJarRelease
> Task :react-native-fast-image:extractProguardFiles
> Task :react-native-fast-image:generateReleaseLintModel
> Task :react-native-fast-image:prepareLintJarForPublish
> Task :react-native-gesture-handler:extractProguardFiles
> Task :react-native-gesture-handler:prepareLintJarForPublish
> Task :react-native-image-picker:processReleaseJavaRes NO-SOURCE
> Task :react-native-image-picker:bundleLibRuntimeToJarRelease
> Task :react-native-image-picker:extractProguardFiles
> Task :react-native-image-picker:createFullJarRelease
> Task :react-native-image-picker:generateReleaseLintModel
> Task :react-native-image-picker:prepareLintJarForPublish
> Task :react-native-safe-area-context:bundleLibRuntimeToJarRelease
> Task :react-native-safe-area-context:processReleaseJavaRes
> Task :react-native-safe-area-context:createFullJarRelease
> Task :react-native-safe-area-context:extractProguardFiles
> Task :react-native-safe-area-context:generateReleaseLintModel
> Task :react-native-safe-area-context:prepareLintJarForPublish
> Task :react-native-screens:extractProguardFiles
> Task :react-native-screens:prepareLintJarForPublish
> Task :react-native-async-storage_async-storage:mergeReleaseJniLibFolders
> Task :react-native-async-storage_async-storage:mergeReleaseNativeLibs NO-SOURCE
> Task :react-native-async-storage_async-storage:stripReleaseDebugSymbols NO-SOURCE
> Task :react-native-async-storage_async-storage:extractDeepLinksForAarRelease
> Task :react-native-async-storage_async-storage:copyReleaseJniLibsProjectAndLocalJars

> Task :react-native-screens:compileReleaseKotlin FAILED
e: file:///Users/mac/Documents/GitHub/fruitq8/FruitQ8Mobile/node_modules/react-native-screens/android/src/main/java/com/swmansion/rnscreens/RNScreensPackage.kt:3:27 Unresolved reference: BaseReactPackage
e: file:///Users/mac/Documents/GitHub/fruitq8/FruitQ8Mobile/node_modules/react-native-screens/android/src/main/java/com/swmansion/rnscreens/RNScreensPackage.kt:19:26 Unresolved reference: BaseReactPackage
e: file:///Users/mac/Documents/GitHub/fruitq8/FruitQ8Mobile/node_modules/react-native-screens/android/src/main/java/com/swmansion/rnscreens/RNScreensPackage.kt:24:5 'createViewManagers' overrides nothing
e: file:///Users/mac/Documents/GitHub/fruitq8/FruitQ8Mobile/node_modules/react-native-screens/android/src/main/java/com/swmansion/rnscreens/RNScreensPackage.kt:45:5 'getModule' overrides nothing
e: file:///Users/mac/Documents/GitHub/fruitq8/FruitQ8Mobile/node_modules/react-native-screens/android/src/main/java/com/swmansion/rnscreens/RNScreensPackage.kt:55:5 'getReactModuleInfoProvider' overrides nothing

> Task :react-native-gesture-handler:compileReleaseKotlin FAILED
e: Supertypes of the following classes cannot be resolved. Please make sure you have the required dependencies in the classpath:
    class com.facebook.react.viewmanagers.RNGestureHandlerButtonManagerInterface, unresolved supertypes: ViewManagerWithGeneratedInterface
    class com.facebook.react.viewmanagers.RNGestureHandlerRootViewManagerInterface, unresolved supertypes: ViewManagerWithGeneratedInterface
Adding -Xextended-compiler-checks argument might provide additional information.

e: file:///Users/mac/Documents/GitHub/fruitq8/FruitQ8Mobile/node_modules/react-native-gesture-handler/android/src/main/java/com/swmansion/gesturehandler/RNGestureHandlerPackage.kt:3:27 Unresolved reference: BaseReactPackage
e: file:///Users/mac/Documents/GitHub/fruitq8/FruitQ8Mobile/node_modules/react-native-gesture-handler/android/src/main/java/com/swmansion/gesturehandler/RNGestureHandlerPackage.kt:23:3 Unresolved reference: BaseReactPackage
e: file:///Users/mac/Documents/GitHub/fruitq8/FruitQ8Mobile/node_modules/react-native-gesture-handler/android/src/main/java/com/swmansion/gesturehandler/RNGestureHandlerPackage.kt:36:3 'createViewManagers' overrides nothing
e: file:///Users/mac/Documents/GitHub/fruitq8/FruitQ8Mobile/node_modules/react-native-gesture-handler/android/src/main/java/com/swmansion/gesturehandler/RNGestureHandlerPackage.kt:41:3 'getViewManagers' overrides nothing
e: file:///Users/mac/Documents/GitHub/fruitq8/FruitQ8Mobile/node_modules/react-native-gesture-handler/android/src/main/java/com/swmansion/gesturehandler/RNGestureHandlerPackage.kt:47:3 'getModule' overrides nothing
e: file:///Users/mac/Documents/GitHub/fruitq8/FruitQ8Mobile/node_modules/react-native-gesture-handler/android/src/main/java/com/swmansion/gesturehandler/RNGestureHandlerPackage.kt:54:3 'getReactModuleInfoProvider' overrides nothing
e: file:///Users/mac/Documents/GitHub/fruitq8/FruitQ8Mobile/node_modules/react-native-gesture-handler/android/src/main/java/com/swmansion/gesturehandler/react/RNGestureHandlerButtonViewManager.kt:40:1 Cannot access 'ViewManagerWithGeneratedInterface' which is a supertype of 'com.swmansion.gesturehandler.react.RNGestureHandlerButtonViewManager'. Check your module classpath for missing or conflicting dependencies
e: file:///Users/mac/Documents/GitHub/fruitq8/FruitQ8Mobile/node_modules/react-native-gesture-handler/android/src/main/java/com/swmansion/gesturehandler/react/RNGestureHandlerButtonViewManager.kt:47:5 Cannot access 'ViewManagerWithGeneratedInterface' which is a supertype of 'com.swmansion.gesturehandler.react.RNGestureHandlerButtonViewManager'. Check your module classpath for missing or conflicting dependencies
e: file:///Users/mac/Documents/GitHub/fruitq8/FruitQ8Mobile/node_modules/react-native-gesture-handler/android/src/main/java/com/swmansion/gesturehandler/react/RNGestureHandlerButtonViewManager.kt:47:107 Cannot access 'ViewManagerWithGeneratedInterface' which is a supertype of 'com.swmansion.gesturehandler.react.RNGestureHandlerButtonViewManager'. Check your module classpath for missing or conflicting dependencies
e: file:///Users/mac/Documents/GitHub/fruitq8/FruitQ8Mobile/node_modules/react-native-gesture-handler/android/src/main/java/com/swmansion/gesturehandler/react/RNGestureHandlerButtonViewManager.kt:136:5 Cannot access 'ViewManagerWithGeneratedInterface' which is a supertype of 'com.swmansion.gesturehandler.react.RNGestureHandlerButtonViewManager'. Check your module classpath for missing or conflicting dependencies
e: file:///Users/mac/Documents/GitHub/fruitq8/FruitQ8Mobile/node_modules/react-native-gesture-handler/android/src/main/java/com/swmansion/gesturehandler/react/RNGestureHandlerButtonViewManager.kt:141:71 Cannot access 'ViewManagerWithGeneratedInterface' which is a supertype of 'com.swmansion.gesturehandler.react.RNGestureHandlerButtonViewManager'. Check your module classpath for missing or conflicting dependencies
e: file:///Users/mac/Documents/GitHub/fruitq8/FruitQ8Mobile/node_modules/react-native-gesture-handler/android/src/main/java/com/swmansion/gesturehandler/react/RNGestureHandlerRootViewManager.kt:16:1 Cannot access 'ViewManagerWithGeneratedInterface' which is a supertype of 'com.swmansion.gesturehandler.react.RNGestureHandlerRootViewManager'. Check your module classpath for missing or conflicting dependencies
e: file:///Users/mac/Documents/GitHub/fruitq8/FruitQ8Mobile/node_modules/react-native-gesture-handler/android/src/main/java/com/swmansion/gesturehandler/react/RNGestureHandlerRootViewManager.kt:23:5 Cannot access 'ViewManagerWithGeneratedInterface' which is a supertype of 'com.swmansion.gesturehandler.react.RNGestureHandlerRootViewManager'. Check your module classpath for missing or conflicting dependencies
e: file:///Users/mac/Documents/GitHub/fruitq8/FruitQ8Mobile/node_modules/react-native-gesture-handler/android/src/main/java/com/swmansion/gesturehandler/react/RNGestureHandlerRootViewManager.kt:23:116 Cannot access 'ViewManagerWithGeneratedInterface' which is a supertype of 'com.swmansion.gesturehandler.react.RNGestureHandlerRootViewManager'. Check your module classpath for missing or conflicting dependencies
e: file:///Users/mac/Documents/GitHub/fruitq8/FruitQ8Mobile/node_modules/react-native-gesture-handler/android/src/main/java/com/swmansion/gesturehandler/react/RNGestureHandlerRootViewManager.kt:26:79 Cannot access 'ViewManagerWithGeneratedInterface' which is a supertype of 'com.swmansion.gesturehandler.react.RNGestureHandlerRootViewManager'. Check your module classpath for missing or conflicting dependencies

> Task :react-native-async-storage_async-storage:extractReleaseAnnotations

FAILURE: Build completed with 2 failures.

1: Task failed with an exception.
-----------
* What went wrong:
Execution failed for task ':react-native-screens:compileReleaseKotlin'.
> A failure occurred while executing org.jetbrains.kotlin.compilerRunner.GradleCompilerRunnerWithWorkers$GradleKotlinCompilerWorkAction
   > Compilation error. See log for more details

* Try:
> Run with --stacktrace option to get the stack trace.
> Run with --info or --debug option to get more log output.
> Run with --scan to get full insights.
> Get more help at https://help.gradle.org.
==============================================================================

2: Task failed with an exception.
-----------
* What went wrong:
Execution failed for task ':react-native-gesture-handler:compileReleaseKotlin'.
> A failure occurred while executing org.jetbrains.kotlin.compilerRunner.GradleCompilerRunnerWithWorkers$GradleKotlinCompilerWorkAction
   > Compilation error. See log for more details

* Try:
> Run with --stacktrace option to get the stack trace.
> Run with --info or --debug option to get more log output.
> Run with --scan to get full insights.
> Get more help at https://help.gradle.org.
==============================================================================

Deprecated Gradle features were used in this build, making it incompatible with Gradle 9.0.

You can use '--warning-mode all' to show the individual deprecation warnings and determine if they come from your own scripts or plugins.

For more on this, please refer to https://docs.gradle.org/8.8/userguide/command_line_interface.html#sec:command_line_warnings in the Gradle documentation.

BUILD FAILED in 46s
125 actionable tasks: 120 executed, 5 up-to-date
